[index-2.html]
[backblue.gif]
[fade.gif]
[index.html]
[wp-content/themes/astra/assets/css/minified/main.min1849.css]
[indexd784.html]
[wp-content/plugins/header-footer-elementor/inc/widgets-css/frontend8ee6.css]
[wp-content/plugins/header-footer-elementor/assets/css/header-footer-elementor8ee6.css]
[indexa6da.html]
[wp-content/plugins/elementor/assets/css/frontend-lite.min3cad.css]
[wp-content/plugins/elementor/assets/lib/swiper/v8/css/swiper.min94a4.css]
[wp-content/uploads/elementor/css/post-89a40.css]
[wp-content/plugins/pro-elements/assets/css/frontend-lite.min11d9.css]
[wp-content/uploads/elementor/css/global9a40.css]
[wp-content/uploads/elementor/css/post-17db17.css]
[index52f0.json]
[indexe155.json]
[xmlrpc0db0.php]
[index5715.json]
[index0501.php]
[wp-content/uploads/2024/06/Head-e1717826266519-150x146.jpg]
[wp-content/uploads/2024/06/Head-e1717826266519.jpg]
[wp-content/uploads/2024/06/21f131_37e172506dc242899fa3449a802be5b5mv2.png]
[wp-content/uploads/2024/06/21f131_87d56f1063d54ee29fc215447d6e611cmv2.png]
[wp-content/uploads/2024/06/21f131_51f8f025e8c54266a46375714893b32bmv2.png]
[wp-content/uploads/2024/06/21f131_254963f3374b49aeacaf9b233f4372fcmv2.png]
[wp-content/uploads/2024/06/19485832006-1-1-2-removebg-preview.png]
[wp-content/uploads/2024/06/Windmill.jpg]
[wp-content/uploads/2024/06/DingDing.jpg]
[wp-content/uploads/2024/06/Potato.jpg]
[wp-content/plugins/elementor/assets/lib/animations/animations.min3cad.css]
[wp-content/themes/astra/assets/js/minified/frontend.min1849.js]
[wp-content/plugins/pro-elements/assets/js/webpack-pro.runtime.min11d9.js]
[wp-content/plugins/elementor/assets/js/webpack.runtime.min3cad.js]
[wp-includes/js/jquery/jquery.minf43b.js]
[wp-includes/js/jquery/jquery-migrate.min5589.js]
[wp-content/plugins/elementor/assets/js/frontend-modules.min3cad.js]
[wp-includes/js/dist/vendor/wp-polyfill-inert.min0226.js]
[wp-includes/js/dist/vendor/regenerator-runtime.min6c85.js]
[wp-includes/js/dist/vendor/wp-polyfill.min2c7c.js]
[wp-includes/js/dist/hooks.min2757.js]
[wp-includes/js/dist/i18n.minc33c.js]
[wp-content/plugins/pro-elements/assets/js/frontend.min11d9.js]
[wp-content/plugins/elementor/assets/lib/waypoints/waypoints.min05da.js]
[wp-includes/js/jquery/ui/core.min3f14.js]
[wp-content/plugins/elementor/assets/js/frontend.min3cad.js]
[wp-content/plugins/pro-elements/assets/js/elements-handlers.min11d9.js]
[index-2.html]
[wp-content/plugins/pro-elements/assets/lib/sticky/jquery.sticky.min11d9.js]
[xfn/11.html]
[cssad0e.css]
[index-3.html]
[xfn/.html]
[xfn/intro.html]
[xfn/faq.html]
[wp-content/themes/astra/assets/css/minified/main.min1849.css]
[index52f0.json]
[indexe155.json]
[wp-content/plugins/header-footer-elementor/inc/widgets-css/frontend8ee6.css]
[xmlrpc0db0.php]
[wp-content/plugins/header-footer-elementor/assets/css/header-footer-elementor8ee6.css]
[wp-content/plugins/elementor/assets/css/frontend-lite.min3cad.css]
[wp-content/plugins/elementor/assets/lib/swiper/v8/css/swiper.min94a4.css]
[wp-content/uploads/elementor/css/post-89a40.css]
[wp-content/plugins/pro-elements/assets/css/frontend-lite.min11d9.css]
[wp-content/uploads/elementor/css/global9a40.css]
[wp-content/uploads/2024/06/DumbaseBG.png]
[wp-content/uploads/elementor/css/post-17db17.css]
[index5715.json]
[wp-content/plugins/elementor/assets/lib/animations/animations.min3cad.css]
[wp-content/themes/astra/assets/js/minified/frontend.min1849.js]
[wp-content/plugins/pro-elements/assets/js/webpack-pro.runtime.min11d9.js]
[wp-content/plugins/elementor/assets/js/webpack.runtime.min3cad.js]
[wp-includes/js/jquery/jquery.minf43b.js]
[wp-includes/js/jquery/jquery-migrate.min5589.js]
[wp-content/plugins/elementor/assets/js/frontend-modules.min3cad.js]
[wp-includes/js/dist/vendor/wp-polyfill-inert.min0226.js]
[wp-includes/js/dist/vendor/regenerator-runtime.min6c85.js]
[wp-includes/js/dist/vendor/wp-polyfill.min2c7c.js]
[wp-includes/js/dist/hooks.min2757.js]
[wp-includes/js/dist/i18n.minc33c.js]
[wp-content/plugins/pro-elements/assets/js/frontend.min11d9.js]
[wp-content/plugins/elementor/assets/lib/waypoints/waypoints.min05da.js]
[wp-includes/js/jquery/ui/core.min3f14.js]
[-negative.svg]
[wp-content/plugins/elementor/assets/js/frontend.min3cad.js]
[window.location.href]
[OPR/index.html]
[wp-content/plugins/pro-elements/assets/js/elements-handlers.min11d9.js]
[wp-content/plugins/pro-elements/assets/lib/sticky/jquery.sticky.min11d9.js]
[xfn/default.css]
[-negative.html]
[OPR/index.html]
[window.location.html]
